Archive member included because of file (symbol)

c:/program files (x86)/gnu tools arm embedded/4.9 2014q4/bin/../lib/gcc/arm-none-eabi/4.9.3/armv6-m\libgcc.a(_udivsi3.o)
                              ..\obj\stm32f0xx_rcc.o (__aeabi_uidiv)
c:/program files (x86)/gnu tools arm embedded/4.9 2014q4/bin/../lib/gcc/arm-none-eabi/4.9.3/armv6-m\libgcc.a(_divsi3.o)
                              ..\obj\GFXC.o (__aeabi_idiv)
c:/program files (x86)/gnu tools arm embedded/4.9 2014q4/bin/../lib/gcc/arm-none-eabi/4.9.3/armv6-m\libgcc.a(_dvmd_tls.o)
                              c:/program files (x86)/gnu tools arm embedded/4.9 2014q4/bin/../lib/gcc/arm-none-eabi/4.9.3/armv6-m\libgcc.a(_udivsi3.o) (__aeabi_idiv0)
c:/program files (x86)/gnu tools arm embedded/4.9 2014q4/bin/../lib/gcc/arm-none-eabi/4.9.3/armv6-m\libgcc.a(_arm_cmpsf2.o)
                              ..\obj\GFXC.o (__aeabi_fcmplt)
c:/program files (x86)/gnu tools arm embedded/4.9 2014q4/bin/../lib/gcc/arm-none-eabi/4.9.3/armv6-m\libgcc.a(eqsf2.o)
                              c:/program files (x86)/gnu tools arm embedded/4.9 2014q4/bin/../lib/gcc/arm-none-eabi/4.9.3/armv6-m\libgcc.a(_arm_cmpsf2.o) (__eqsf2)
c:/program files (x86)/gnu tools arm embedded/4.9 2014q4/bin/../lib/gcc/arm-none-eabi/4.9.3/armv6-m\libgcc.a(gesf2.o)
                              c:/program files (x86)/gnu tools arm embedded/4.9 2014q4/bin/../lib/gcc/arm-none-eabi/4.9.3/armv6-m\libgcc.a(_arm_cmpsf2.o) (__gesf2)
c:/program files (x86)/gnu tools arm embedded/4.9 2014q4/bin/../lib/gcc/arm-none-eabi/4.9.3/armv6-m\libgcc.a(lesf2.o)
                              c:/program files (x86)/gnu tools arm embedded/4.9 2014q4/bin/../lib/gcc/arm-none-eabi/4.9.3/armv6-m\libgcc.a(_arm_cmpsf2.o) (__lesf2)
c:/program files (x86)/gnu tools arm embedded/4.9 2014q4/bin/../lib/gcc/arm-none-eabi/4.9.3/armv6-m\libgcc.a(mulsf3.o)
                              ..\obj\GFXC.o (__aeabi_fmul)
c:/program files (x86)/gnu tools arm embedded/4.9 2014q4/bin/../lib/gcc/arm-none-eabi/4.9.3/armv6-m\libgcc.a(subsf3.o)
                              ..\obj\GFXC.o (__aeabi_fsub)
c:/program files (x86)/gnu tools arm embedded/4.9 2014q4/bin/../lib/gcc/arm-none-eabi/4.9.3/armv6-m\libgcc.a(fixsfsi.o)
                              ..\obj\GFXC.o (__aeabi_f2iz)
c:/program files (x86)/gnu tools arm embedded/4.9 2014q4/bin/../lib/gcc/arm-none-eabi/4.9.3/armv6-m\libgcc.a(floatsisf.o)
                              ..\obj\GFXC.o (__aeabi_i2f)
c:/program files (x86)/gnu tools arm embedded/4.9 2014q4/bin/../lib/gcc/arm-none-eabi/4.9.3/armv6-m\libgcc.a(_clzsi2.o)
                              c:/program files (x86)/gnu tools arm embedded/4.9 2014q4/bin/../lib/gcc/arm-none-eabi/4.9.3/armv6-m\libgcc.a(mulsf3.o) (__clzsi2)
c:/program files (x86)/gnu tools arm embedded/4.9 2014q4/bin/../lib/gcc/arm-none-eabi/4.9.3/../../../../arm-none-eabi/lib/armv6-m\libg.a(lib_a-strlen.o)
                              ..\obj\GFXC.o (strlen)

Allocating common symbols
Common symbol       size              file

S                   0x12              ..\obj\ILI9163.o
G                   0x8               ..\obj\ILI9163.o
TS                  0xa               ..\obj\main.o

Discarded input sections

 .text          0x00000000        0x0 ..\obj\stm32f0xx_rcc.o
 .data          0x00000000       0x10 ..\obj\stm32f0xx_rcc.o
 .bss           0x00000000        0x0 ..\obj\stm32f0xx_rcc.o
 .text.RCC_DeInit
                0x00000000       0x88 ..\obj\stm32f0xx_rcc.o
 .text.RCC_HSEConfig
                0x00000000       0x24 ..\obj\stm32f0xx_rcc.o
 .text.RCC_WaitForHSEStartUp
                0x00000000       0x60 ..\obj\stm32f0xx_rcc.o
 .text.RCC_AdjustHSICalibrationValue
                0x00000000       0x3c ..\obj\stm32f0xx_rcc.o
 .text.RCC_HSICmd
                0x00000000       0x38 ..\obj\stm32f0xx_rcc.o
 .text.RCC_AdjustHSI14CalibrationValue
                0x00000000       0x3c ..\obj\stm32f0xx_rcc.o
 .text.RCC_HSI14Cmd
                0x00000000       0x38 ..\obj\stm32f0xx_rcc.o
 .text.RCC_HSI14ADCRequestCmd
                0x00000000       0x38 ..\obj\stm32f0xx_rcc.o
 .text.RCC_LSEConfig
                0x00000000       0x38 ..\obj\stm32f0xx_rcc.o
 .text.RCC_LSEDriveConfig
                0x00000000       0x2c ..\obj\stm32f0xx_rcc.o
 .text.RCC_LSICmd
                0x00000000       0x38 ..\obj\stm32f0xx_rcc.o
 .text.RCC_PLLConfig
                0x00000000       0x34 ..\obj\stm32f0xx_rcc.o
 .text.RCC_PLLCmd
                0x00000000       0x40 ..\obj\stm32f0xx_rcc.o
 .text.RCC_PREDIV1Config
                0x00000000       0x34 ..\obj\stm32f0xx_rcc.o
 .text.RCC_ClockSecuritySystemCmd
                0x00000000       0x40 ..\obj\stm32f0xx_rcc.o
 .text.RCC_MCOConfig
                0x00000000       0x20 ..\obj\stm32f0xx_rcc.o
 .text.RCC_SYSCLKConfig
                0x00000000       0x34 ..\obj\stm32f0xx_rcc.o
 .text.RCC_GetSYSCLKSource
                0x00000000       0x1c ..\obj\stm32f0xx_rcc.o
 .text.RCC_HCLKConfig
                0x00000000       0x34 ..\obj\stm32f0xx_rcc.o
 .text.RCC_PCLKConfig
                0x00000000       0x38 ..\obj\stm32f0xx_rcc.o
 .text.RCC_ADCCLKConfig
                0x00000000       0x50 ..\obj\stm32f0xx_rcc.o
 .text.RCC_CECCLKConfig
                0x00000000       0x2c ..\obj\stm32f0xx_rcc.o
 .text.RCC_I2CCLKConfig
                0x00000000       0x2c ..\obj\stm32f0xx_rcc.o
 .text.RCC_USARTCLKConfig
                0x00000000       0x2c ..\obj\stm32f0xx_rcc.o
 .text.RCC_GetClocksFreq
                0x00000000      0x1cc ..\obj\stm32f0xx_rcc.o
 .text.RCC_RTCCLKConfig
                0x00000000       0x20 ..\obj\stm32f0xx_rcc.o
 .text.RCC_RTCCLKCmd
                0x00000000       0x40 ..\obj\stm32f0xx_rcc.o
 .text.RCC_BackupResetCmd
                0x00000000       0x40 ..\obj\stm32f0xx_rcc.o
 .text.RCC_APB1PeriphClockCmd
                0x00000000       0x3c ..\obj\stm32f0xx_rcc.o
 .text.RCC_AHBPeriphResetCmd
                0x00000000       0x3c ..\obj\stm32f0xx_rcc.o
 .text.RCC_APB2PeriphResetCmd
                0x00000000       0x3c ..\obj\stm32f0xx_rcc.o
 .text.RCC_APB1PeriphResetCmd
                0x00000000       0x3c ..\obj\stm32f0xx_rcc.o
 .text.RCC_ITConfig
                0x00000000       0x50 ..\obj\stm32f0xx_rcc.o
 .text.RCC_GetFlagStatus
                0x00000000       0x94 ..\obj\stm32f0xx_rcc.o
 .text.RCC_ClearFlag
                0x00000000       0x1c ..\obj\stm32f0xx_rcc.o
 .text.RCC_GetITStatus
                0x00000000       0x44 ..\obj\stm32f0xx_rcc.o
 .text.RCC_ClearITPendingBit
                0x00000000       0x20 ..\obj\stm32f0xx_rcc.o
 .text          0x00000000        0x0 ..\obj\GFXC.o
 .data          0x00000000        0x0 ..\obj\GFXC.o
 .bss           0x00000000        0x0 ..\obj\GFXC.o
 .text.GenerateColour
                0x00000000       0x98 ..\obj\GFXC.o
 .text.TextParamInit
                0x00000000       0x40 ..\obj\GFXC.o
 .text.ShapeParamInit
                0x00000000       0x54 ..\obj\GFXC.o
 .text.Circle   0x00000000      0x790 ..\obj\GFXC.o
 .text.LineC    0x00000000      0x25c ..\obj\GFXC.o
 .text.LineP    0x00000000       0x78 ..\obj\GFXC.o
 .text.Abs      0x00000000       0x20 ..\obj\GFXC.o
 .text.FSin     0x00000000       0x9c ..\obj\GFXC.o
 .text.FCos     0x00000000       0x2c ..\obj\GFXC.o
 .text          0x00000000        0x0 ..\obj\ILI9163.o
 .data          0x00000000        0x0 ..\obj\ILI9163.o
 .bss           0x00000000        0x0 ..\obj\ILI9163.o
 .text.EToS     0x00000000       0x7c ..\obj\ILI9163.o
 .text.WritePix
                0x00000000       0x4c ..\obj\ILI9163.o
 .text.PCol     0x00000000       0x14 ..\obj\ILI9163.o
 .text.SleepMode
                0x00000000       0x34 ..\obj\ILI9163.o
 .text          0x00000000        0x0 ..\obj\main.o
 .data          0x00000000        0x0 ..\obj\main.o
 .text          0x00000000       0x14 ..\obj\startup_stm32f0xx.o
 .data          0x00000000        0x0 ..\obj\startup_stm32f0xx.o
 .bss           0x00000000        0x0 ..\obj\startup_stm32f0xx.o
 .text          0x00000000        0x0 ..\obj\stm32f0xx_spi.o
 .data          0x00000000        0x0 ..\obj\stm32f0xx_spi.o
 .bss           0x00000000        0x0 ..\obj\stm32f0xx_spi.o
 .text.SPI_I2S_DeInit
                0x00000000       0x58 ..\obj\stm32f0xx_spi.o
 .text.SPI_StructInit
                0x00000000       0x48 ..\obj\stm32f0xx_spi.o
 .text.I2S_StructInit
                0x00000000       0x34 ..\obj\stm32f0xx_spi.o
 .text.I2S_Init
                0x00000000      0x1c0 ..\obj\stm32f0xx_spi.o
 .text.SPI_TIModeCmd
                0x00000000       0x40 ..\obj\stm32f0xx_spi.o
 .text.I2S_Cmd  0x00000000       0x44 ..\obj\stm32f0xx_spi.o
 .text.SPI_DataSizeConfig
                0x00000000       0x58 ..\obj\stm32f0xx_spi.o
 .text.SPI_RxFIFOThresholdConfig
                0x00000000       0x3c ..\obj\stm32f0xx_spi.o
 .text.SPI_BiDirectionalLineConfig
                0x00000000       0x48 ..\obj\stm32f0xx_spi.o
 .text.SPI_NSSInternalSoftwareConfig
                0x00000000       0x4c ..\obj\stm32f0xx_spi.o
 .text.SPI_SSOutputCmd
                0x00000000       0x40 ..\obj\stm32f0xx_spi.o
 .text.SPI_NSSPulseModeCmd
                0x00000000       0x40 ..\obj\stm32f0xx_spi.o
 .text.SPI_I2S_SendData16
                0x00000000       0x1c ..\obj\stm32f0xx_spi.o
 .text.SPI_ReceiveData8
                0x00000000       0x24 ..\obj\stm32f0xx_spi.o
 .text.SPI_I2S_ReceiveData16
                0x00000000       0x18 ..\obj\stm32f0xx_spi.o
 .text.SPI_CRCLengthConfig
                0x00000000       0x3c ..\obj\stm32f0xx_spi.o
 .text.SPI_CalculateCRC
                0x00000000       0x44 ..\obj\stm32f0xx_spi.o
 .text.SPI_TransmitCRC
                0x00000000       0x20 ..\obj\stm32f0xx_spi.o
 .text.SPI_GetCRC
                0x00000000       0x44 ..\obj\stm32f0xx_spi.o
 .text.SPI_GetCRCPolynomial
                0x00000000       0x18 ..\obj\stm32f0xx_spi.o
 .text.SPI_I2S_DMACmd
                0x00000000       0x50 ..\obj\stm32f0xx_spi.o
 .text.SPI_LastDMATransferCmd
                0x00000000       0x3c ..\obj\stm32f0xx_spi.o
 .text.SPI_I2S_ITConfig
                0x00000000       0x84 ..\obj\stm32f0xx_spi.o
 .text.SPI_GetTransmissionFIFOStatus
                0x00000000       0x20 ..\obj\stm32f0xx_spi.o
 .text.SPI_GetReceptionFIFOStatus
                0x00000000       0x20 ..\obj\stm32f0xx_spi.o
 .text.SPI_I2S_ClearFlag
                0x00000000       0x20 ..\obj\stm32f0xx_spi.o
 .text.SPI_I2S_GetITStatus
                0x00000000       0xb0 ..\obj\stm32f0xx_spi.o
 .text          0x00000000        0x0 ..\obj\system_stm32f0xx_temp.o
 .bss           0x00000000        0x0 ..\obj\system_stm32f0xx_temp.o
 .text.SystemCoreClockUpdate1
                0x00000000       0xd4 ..\obj\system_stm32f0xx_temp.o
 .text          0x00000000        0x0 ..\obj\stm32f0xx_gpio.o
 .data          0x00000000        0x0 ..\obj\stm32f0xx_gpio.o
 .bss           0x00000000        0x0 ..\obj\stm32f0xx_gpio.o
 .text.GPIO_DeInit
                0x00000000       0xc8 ..\obj\stm32f0xx_gpio.o
 .text.GPIO_StructInit
                0x00000000       0x30 ..\obj\stm32f0xx_gpio.o
 .text.GPIO_PinLockConfig
                0x00000000       0x44 ..\obj\stm32f0xx_gpio.o
 .text.GPIO_ReadInputDataBit
                0x00000000       0x48 ..\obj\stm32f0xx_gpio.o
 .text.GPIO_ReadInputData
                0x00000000       0x18 ..\obj\stm32f0xx_gpio.o
 .text.GPIO_ReadOutputDataBit
                0x00000000       0x48 ..\obj\stm32f0xx_gpio.o
 .text.GPIO_ReadOutputData
                0x00000000       0x18 ..\obj\stm32f0xx_gpio.o
 .text.GPIO_WriteBit
                0x00000000       0x38 ..\obj\stm32f0xx_gpio.o
 .text.GPIO_Write
                0x00000000       0x1c ..\obj\stm32f0xx_gpio.o
 .data          0x00000000        0x0 c:/program files (x86)/gnu tools arm embedded/4.9 2014q4/bin/../lib/gcc/arm-none-eabi/4.9.3/armv6-m\libgcc.a(_udivsi3.o)
 .bss           0x00000000        0x0 c:/program files (x86)/gnu tools arm embedded/4.9 2014q4/bin/../lib/gcc/arm-none-eabi/4.9.3/armv6-m\libgcc.a(_udivsi3.o)
 .data          0x00000000        0x0 c:/program files (x86)/gnu tools arm embedded/4.9 2014q4/bin/../lib/gcc/arm-none-eabi/4.9.3/armv6-m\libgcc.a(_divsi3.o)
 .bss           0x00000000        0x0 c:/program files (x86)/gnu tools arm embedded/4.9 2014q4/bin/../lib/gcc/arm-none-eabi/4.9.3/armv6-m\libgcc.a(_divsi3.o)
 .data          0x00000000        0x0 c:/program files (x86)/gnu tools arm embedded/4.9 2014q4/bin/../lib/gcc/arm-none-eabi/4.9.3/armv6-m\libgcc.a(_dvmd_tls.o)
 .bss           0x00000000        0x0 c:/program files (x86)/gnu tools arm embedded/4.9 2014q4/bin/../lib/gcc/arm-none-eabi/4.9.3/armv6-m\libgcc.a(_dvmd_tls.o)
 .data          0x00000000        0x0 c:/program files (x86)/gnu tools arm embedded/4.9 2014q4/bin/../lib/gcc/arm-none-eabi/4.9.3/armv6-m\libgcc.a(_arm_cmpsf2.o)
 .bss           0x00000000        0x0 c:/program files (x86)/gnu tools arm embedded/4.9 2014q4/bin/../lib/gcc/arm-none-eabi/4.9.3/armv6-m\libgcc.a(_arm_cmpsf2.o)
 .data          0x00000000        0x0 c:/program files (x86)/gnu tools arm embedded/4.9 2014q4/bin/../lib/gcc/arm-none-eabi/4.9.3/armv6-m\libgcc.a(eqsf2.o)
 .bss           0x00000000        0x0 c:/program files (x86)/gnu tools arm embedded/4.9 2014q4/bin/../lib/gcc/arm-none-eabi/4.9.3/armv6-m\libgcc.a(eqsf2.o)
 .data          0x00000000        0x0 c:/program files (x86)/gnu tools arm embedded/4.9 2014q4/bin/../lib/gcc/arm-none-eabi/4.9.3/armv6-m\libgcc.a(gesf2.o)
 .bss           0x00000000        0x0 c:/program files (x86)/gnu tools arm embedded/4.9 2014q4/bin/../lib/gcc/arm-none-eabi/4.9.3/armv6-m\libgcc.a(gesf2.o)
 .data          0x00000000        0x0 c:/program files (x86)/gnu tools arm embedded/4.9 2014q4/bin/../lib/gcc/arm-none-eabi/4.9.3/armv6-m\libgcc.a(lesf2.o)
 .bss           0x00000000        0x0 c:/program files (x86)/gnu tools arm embedded/4.9 2014q4/bin/../lib/gcc/arm-none-eabi/4.9.3/armv6-m\libgcc.a(lesf2.o)
 .data          0x00000000        0x0 c:/program files (x86)/gnu tools arm embedded/4.9 2014q4/bin/../lib/gcc/arm-none-eabi/4.9.3/armv6-m\libgcc.a(mulsf3.o)
 .bss           0x00000000        0x0 c:/program files (x86)/gnu tools arm embedded/4.9 2014q4/bin/../lib/gcc/arm-none-eabi/4.9.3/armv6-m\libgcc.a(mulsf3.o)
 .data          0x00000000        0x0 c:/program files (x86)/gnu tools arm embedded/4.9 2014q4/bin/../lib/gcc/arm-none-eabi/4.9.3/armv6-m\libgcc.a(subsf3.o)
 .bss           0x00000000        0x0 c:/program files (x86)/gnu tools arm embedded/4.9 2014q4/bin/../lib/gcc/arm-none-eabi/4.9.3/armv6-m\libgcc.a(subsf3.o)
 .data          0x00000000        0x0 c:/program files (x86)/gnu tools arm embedded/4.9 2014q4/bin/../lib/gcc/arm-none-eabi/4.9.3/armv6-m\libgcc.a(fixsfsi.o)
 .bss           0x00000000        0x0 c:/program files (x86)/gnu tools arm embedded/4.9 2014q4/bin/../lib/gcc/arm-none-eabi/4.9.3/armv6-m\libgcc.a(fixsfsi.o)
 .data          0x00000000        0x0 c:/program files (x86)/gnu tools arm embedded/4.9 2014q4/bin/../lib/gcc/arm-none-eabi/4.9.3/armv6-m\libgcc.a(floatsisf.o)
 .bss           0x00000000        0x0 c:/program files (x86)/gnu tools arm embedded/4.9 2014q4/bin/../lib/gcc/arm-none-eabi/4.9.3/armv6-m\libgcc.a(floatsisf.o)
 .data          0x00000000        0x0 c:/program files (x86)/gnu tools arm embedded/4.9 2014q4/bin/../lib/gcc/arm-none-eabi/4.9.3/armv6-m\libgcc.a(_clzsi2.o)
 .bss           0x00000000        0x0 c:/program files (x86)/gnu tools arm embedded/4.9 2014q4/bin/../lib/gcc/arm-none-eabi/4.9.3/armv6-m\libgcc.a(_clzsi2.o)
 .text          0x00000000        0x0 c:/program files (x86)/gnu tools arm embedded/4.9 2014q4/bin/../lib/gcc/arm-none-eabi/4.9.3/../../../../arm-none-eabi/lib/armv6-m\libg.a(lib_a-strlen.o)
 .data          0x00000000        0x0 c:/program files (x86)/gnu tools arm embedded/4.9 2014q4/bin/../lib/gcc/arm-none-eabi/4.9.3/../../../../arm-none-eabi/lib/armv6-m\libg.a(lib_a-strlen.o)
 .bss           0x00000000        0x0 c:/program files (x86)/gnu tools arm embedded/4.9 2014q4/bin/../lib/gcc/arm-none-eabi/4.9.3/../../../../arm-none-eabi/lib/armv6-m\libg.a(lib_a-strlen.o)

Memory Configuration

Name             Origin             Length             Attributes
rom              0x08000000         0x00010000         xr
ram              0x20000000         0x00002000         xrw
*default*        0x00000000         0xffffffff

Linker script and memory map

                0x20002000                _eram = 0x20002000

.text           0x08000000     0x2938
 *(.isr_vector)
 .isr_vector    0x08000000       0xc4 ..\obj\startup_stm32f0xx.o
                0x08000000                g_pfnVectors
 *(.text*)
 .text.RCC_AHBPeriphClockCmd
                0x080000c4       0x3c ..\obj\stm32f0xx_rcc.o
                0x080000c4                RCC_AHBPeriphClockCmd
 .text.RCC_APB2PeriphClockCmd
                0x08000100       0x3c ..\obj\stm32f0xx_rcc.o
                0x08000100                RCC_APB2PeriphClockCmd
 .text.PChar    0x0800013c      0x2fc ..\obj\GFXC.o
                0x0800013c                PChar
 .text.PStr     0x08000438      0x194 ..\obj\GFXC.o
                0x08000438                PStr
 .text.PNum     0x080005cc      0x8a4 ..\obj\GFXC.o
                0x080005cc                PNum
 .text.PNumF    0x08000e70      0x138 ..\obj\GFXC.o
                0x08000e70                PNumF
 .text.Delay    0x08000fa8       0x2c ..\obj\ILI9163.o
                0x08000fa8                Delay
 .text.SB       0x08000fd4       0x60 ..\obj\ILI9163.o
                0x08000fd4                SB
 .text.SW       0x08001034       0x88 ..\obj\ILI9163.o
                0x08001034                SW
 .text.SetAddr  0x080010bc       0x9c ..\obj\ILI9163.o
                0x080010bc                SetAddr
 .text.SetScrn  0x08001158       0x70 ..\obj\ILI9163.o
                0x08001158                SetScrn
 .text.ClrScrn  0x080011c8       0x14 ..\obj\ILI9163.o
                0x080011c8                ClrScrn
 .text.InvMode  0x080011dc       0x2c ..\obj\ILI9163.o
                0x080011dc                InvMode
 .text.ILI9163Init
                0x08001208      0x1dc ..\obj\ILI9163.o
                0x08001208                ILI9163Init
 .text.NVIC_SetPriority
                0x080013e4       0xd4 ..\obj\main.o
 .text.SysTick_Config
                0x080014b8       0x4c ..\obj\main.o
 .text.SysTick_Handler
                0x08001504       0x18 ..\obj\main.o
                0x08001504                SysTick_Handler
 .text.main     0x0800151c       0x60 ..\obj\main.o
                0x0800151c                main
 .text.Reset_Handler
                0x0800157c       0x4c ..\obj\startup_stm32f0xx.o
                0x0800157c                Reset_Handler
 .text.Default_Handler
                0x080015c8        0x2 ..\obj\startup_stm32f0xx.o
                0x080015c8                TIM1_CC_IRQHandler
                0x080015c8                HardFault_Handler
                0x080015c8                ADC1_COMP_IRQHandler
                0x080015c8                PVD_IRQHandler
                0x080015c8                PendSV_Handler
                0x080015c8                NMI_Handler
                0x080015c8                I2C1_IRQHandler
                0x080015c8                SPI1_IRQHandler
                0x080015c8                TIM6_DAC_IRQHandler
                0x080015c8                EXTI2_3_IRQHandler
                0x080015c8                I2C2_IRQHandler
                0x080015c8                TIM17_IRQHandler
                0x080015c8                RTC_IRQHandler
                0x080015c8                TIM16_IRQHandler
                0x080015c8                TIM3_IRQHandler
                0x080015c8                EXTI4_15_IRQHandler
                0x080015c8                RCC_IRQHandler
                0x080015c8                DMA1_Channel1_IRQHandler
                0x080015c8                Default_Handler
                0x080015c8                CEC_IRQHandler
                0x080015c8                TIM14_IRQHandler
                0x080015c8                DMA1_Channel4_5_IRQHandler
                0x080015c8                TIM15_IRQHandler
                0x080015c8                EXTI0_1_IRQHandler
                0x080015c8                SPI2_IRQHandler
                0x080015c8                SVC_Handler
                0x080015c8                TS_IRQHandler
                0x080015c8                WWDG_IRQHandler
                0x080015c8                TIM2_IRQHandler
                0x080015c8                DMA1_Channel2_3_IRQHandler
                0x080015c8                USART2_IRQHandler
                0x080015c8                FLASH_IRQHandler
                0x080015c8                USART1_IRQHandler
                0x080015c8                TIM1_BRK_UP_TRG_COM_IRQHandler
 *fill*         0x080015ca        0x2 
 .text.SPI_Init
                0x080015cc      0x104 ..\obj\stm32f0xx_spi.o
                0x080015cc                SPI_Init
 .text.SPI_Cmd  0x080016d0       0x40 ..\obj\stm32f0xx_spi.o
                0x080016d0                SPI_Cmd
 .text.SPI_SendData8
                0x08001710       0x2c ..\obj\stm32f0xx_spi.o
                0x08001710                SPI_SendData8
 .text.SPI_I2S_GetFlagStatus
                0x0800173c       0x48 ..\obj\stm32f0xx_spi.o
                0x0800173c                SPI_I2S_GetFlagStatus
 .text.SystemInit1
                0x08001784       0x8c ..\obj\system_stm32f0xx_temp.o
                0x08001784                SystemInit
                0x08001784                SystemInit1
 .text.SetSysClock1
                0x08001810       0xe0 ..\obj\system_stm32f0xx_temp.o
                0x08001810                SetSysClock
 .text.GPIO_Init
                0x080018f0      0x124 ..\obj\stm32f0xx_gpio.o
                0x080018f0                GPIO_Init
 .text.GPIO_SetBits
                0x08001a14       0x1c ..\obj\stm32f0xx_gpio.o
                0x08001a14                GPIO_SetBits
 .text.GPIO_ResetBits
                0x08001a30       0x1c ..\obj\stm32f0xx_gpio.o
                0x08001a30                GPIO_ResetBits
 .text.GPIO_PinAFConfig
                0x08001a4c       0xa0 ..\obj\stm32f0xx_gpio.o
                0x08001a4c                GPIO_PinAFConfig
 .text          0x08001aec      0x120 c:/program files (x86)/gnu tools arm embedded/4.9 2014q4/bin/../lib/gcc/arm-none-eabi/4.9.3/armv6-m\libgcc.a(_udivsi3.o)
                0x08001aec                __aeabi_uidiv
                0x08001aec                __udivsi3
                0x08001bf8                __aeabi_uidivmod
 .text          0x08001c0c      0x1e0 c:/program files (x86)/gnu tools arm embedded/4.9 2014q4/bin/../lib/gcc/arm-none-eabi/4.9.3/armv6-m\libgcc.a(_divsi3.o)
                0x08001c0c                __divsi3
                0x08001c0c                __aeabi_idiv
                0x08001dd8                __aeabi_idivmod
 .text          0x08001dec        0x4 c:/program files (x86)/gnu tools arm embedded/4.9 2014q4/bin/../lib/gcc/arm-none-eabi/4.9.3/armv6-m\libgcc.a(_dvmd_tls.o)
                0x08001dec                __aeabi_idiv0
                0x08001dec                __aeabi_ldiv0
 .text          0x08001df0       0x74 c:/program files (x86)/gnu tools arm embedded/4.9 2014q4/bin/../lib/gcc/arm-none-eabi/4.9.3/armv6-m\libgcc.a(_arm_cmpsf2.o)
                0x08001df0                __aeabi_cfrcmple
                0x08001df8                __aeabi_cfcmpeq
                0x08001df8                __aeabi_cfcmple
                0x08001e08                __aeabi_fcmpeq
                0x08001e14                __aeabi_fcmplt
                0x08001e28                __aeabi_fcmple
                0x08001e3c                __aeabi_fcmpgt
                0x08001e50                __aeabi_fcmpge
 .text          0x08001e64       0x54 c:/program files (x86)/gnu tools arm embedded/4.9 2014q4/bin/../lib/gcc/arm-none-eabi/4.9.3/armv6-m\libgcc.a(eqsf2.o)
                0x08001e64                __eqsf2
                0x08001e64                __nesf2
 .text          0x08001eb8       0x94 c:/program files (x86)/gnu tools arm embedded/4.9 2014q4/bin/../lib/gcc/arm-none-eabi/4.9.3/armv6-m\libgcc.a(gesf2.o)
                0x08001eb8                __gesf2
                0x08001eb8                __gtsf2
 .text          0x08001f4c       0x8c c:/program files (x86)/gnu tools arm embedded/4.9 2014q4/bin/../lib/gcc/arm-none-eabi/4.9.3/armv6-m\libgcc.a(lesf2.o)
                0x08001f4c                __ltsf2
                0x08001f4c                __lesf2
 .text          0x08001fd8      0x264 c:/program files (x86)/gnu tools arm embedded/4.9 2014q4/bin/../lib/gcc/arm-none-eabi/4.9.3/armv6-m\libgcc.a(mulsf3.o)
                0x08001fd8                __aeabi_fmul
 .text          0x0800223c      0x2fc c:/program files (x86)/gnu tools arm embedded/4.9 2014q4/bin/../lib/gcc/arm-none-eabi/4.9.3/armv6-m\libgcc.a(subsf3.o)
                0x0800223c                __aeabi_fsub
 .text          0x08002538       0x40 c:/program files (x86)/gnu tools arm embedded/4.9 2014q4/bin/../lib/gcc/arm-none-eabi/4.9.3/armv6-m\libgcc.a(fixsfsi.o)
                0x08002538                __aeabi_f2iz
 .text          0x08002578       0x90 c:/program files (x86)/gnu tools arm embedded/4.9 2014q4/bin/../lib/gcc/arm-none-eabi/4.9.3/armv6-m\libgcc.a(floatsisf.o)
                0x08002578                __aeabi_i2f
 .text          0x08002608       0x3c c:/program files (x86)/gnu tools arm embedded/4.9 2014q4/bin/../lib/gcc/arm-none-eabi/4.9.3/armv6-m\libgcc.a(_clzsi2.o)
                0x08002608                __clzsi2
 .text.strlen   0x08002644       0x68 c:/program files (x86)/gnu tools arm embedded/4.9 2014q4/bin/../lib/gcc/arm-none-eabi/4.9.3/../../../../arm-none-eabi/lib/armv6-m\libg.a(lib_a-strlen.o)
                0x08002644                strlen
 *(.init)
 *(.fini)
 *crtbegin.o(.ctors)
 *crtbegin?.o(.ctors)
 *(EXCLUDE_FILE(*crtend.o *crtend?.o) .ctors)
 *(SORT(.ctors.*))
 *(.ctors)
 *crtbegin.o(.dtors)
 *crtbegin?.o(.dtors)
 *(EXCLUDE_FILE(*crtend.o *crtend?.o) .dtors)
 *(SORT(.dtors.*))
 *(.dtors)
 *(.rodata*)
 .rodata        0x080026ac      0x244 ..\obj\GFXC.o
                0x080026ac                Chars
                0x08002894                ST
 .rodata        0x080028f0        0x8 ..\obj\main.o
 .rodata        0x080028f8       0x40 c:/program files (x86)/gnu tools arm embedded/4.9 2014q4/bin/../lib/gcc/arm-none-eabi/4.9.3/armv6-m\libgcc.a(mulsf3.o)
 *(.eh_fram e*)

.glue_7         0x08002938        0x0
 .glue_7        0x00000000        0x0 linker stubs

.glue_7t        0x08002938        0x0
 .glue_7t       0x00000000        0x0 linker stubs

.vfp11_veneer   0x08002938        0x0
 .vfp11_veneer  0x00000000        0x0 linker stubs

.v4_bx          0x08002938        0x0
 .v4_bx         0x00000000        0x0 linker stubs

.iplt           0x08002938        0x0
 .iplt          0x00000000        0x0 ..\obj\stm32f0xx_rcc.o

.rel.dyn        0x08002938        0x0
 .rel.iplt      0x00000000        0x0 ..\obj\stm32f0xx_rcc.o

.ARM.extab
 *(.ARM.extab* .gnu.linkonce.armextab.*)
                0x08002938                __exidx_start = .

.ARM.exidx
 *(.ARM.exidx* .gnu.linkonce.armexidx.*)
                0x08002938                __exidx_end = .
                0x08002938                __etext = .
                0x08002938                _sidata = __etext

.data           0x20000000       0x14 load address 0x08002938
                0x20000000                __data_start__ = .
                0x20000000                _sdata = __data_start__
 *(vtable)
 *(.data*)
 .data          0x20000000       0x14 ..\obj\system_stm32f0xx_temp.o
                0x20000000                SystemCoreClock
                0x20000004                AHBPrescTable
                0x20000014                . = ALIGN (0x4)
                0x20000014                PROVIDE (__preinit_array_start, .)
 *(.preinit_array)
                0x20000014                PROVIDE (__preinit_array_end, .)
                0x20000014                . = ALIGN (0x4)
                0x20000014                PROVIDE (__init_array_start, .)
 *(SORT(.init_array.*))
 *(.init_array)
                0x20000014                PROVIDE (__init_array_end, .)
                0x20000014                . = ALIGN (0x4)
                0x20000014                PROVIDE (__fini_array_start, .)
 *(SORT(.fini_array.*))
 *(.fini_array)
                0x20000014                PROVIDE (__fini_array_end, .)
 *(.jcr*)
                0x20000014                . = ALIGN (0x4)
                0x20000014                __data_end__ = .
                0x20000014                _edata = __data_end__

.igot.plt       0x20000014        0x0 load address 0x0800294c
 .igot.plt      0x00000000        0x0 ..\obj\stm32f0xx_rcc.o

.bss            0x20000014       0x2c load address 0x0800294c
                0x20000014                . = ALIGN (0x4)
                0x20000014                __bss_start__ = .
                0x20000014                _sbss = __bss_start__
 *(.bss*)
 .bss           0x20000014        0x4 ..\obj\main.o
                0x20000014                MSec
 *(COMMON)
 COMMON         0x20000018       0x1c ..\obj\ILI9163.o
                0x20000018                S
                0x2000002c                G
 COMMON         0x20000034        0xa ..\obj\main.o
                0x20000034                TS
                0x20000040                . = ALIGN (0x4)
 *fill*         0x2000003e        0x2 
                0x20000040                __bss_end__ = .
                0x20000040                _ebss = __bss_end__

.heap           0x20000040        0x0
                0x20000040                __end__ = .
                0x20000040                _end = __end__
                0x20000040                end = __end__
 *(.heap*)
                0x20000040                __HeapLimit = .

.co_stack       0x20000040        0x0
                0x20000040                . = ALIGN (0x8)
 *(.co_stack .co_stack.*)
                0x20002000                __StackTop = (ORIGIN (ram) + 0x2000)
                0x20002000                __StackLimit = (__StackTop - SIZEOF (.co_stack))
                0x20002000                PROVIDE (__stack, __StackTop)
                0x00000001                ASSERT ((__StackLimit >= __HeapLimit), region ram  overflowed with stack)
LOAD ..\obj\stm32f0xx_rcc.o
LOAD ..\obj\GFXC.o
LOAD ..\obj\ILI9163.o
LOAD ..\obj\main.o
LOAD ..\obj\startup_stm32f0xx.o
LOAD ..\obj\stm32f0xx_spi.o
LOAD ..\obj\system_stm32f0xx_temp.o
LOAD ..\obj\stm32f0xx_gpio.o
START GROUP
LOAD c:/program files (x86)/gnu tools arm embedded/4.9 2014q4/bin/../lib/gcc/arm-none-eabi/4.9.3/armv6-m\libgcc.a
LOAD c:/program files (x86)/gnu tools arm embedded/4.9 2014q4/bin/../lib/gcc/arm-none-eabi/4.9.3/../../../../arm-none-eabi/lib/armv6-m\libg.a
LOAD c:/program files (x86)/gnu tools arm embedded/4.9 2014q4/bin/../lib/gcc/arm-none-eabi/4.9.3/../../../../arm-none-eabi/lib/armv6-m\libc.a
END GROUP
OUTPUT(STM32F0-ILI9163.elf elf32-littlearm)

.debug_info     0x00000000     0x31ac
 .debug_info    0x00000000      0x99a ..\obj\stm32f0xx_rcc.o
 .debug_info    0x0000099a      0x821 ..\obj\GFXC.o
 .debug_info    0x000011bb      0x6e6 ..\obj\ILI9163.o
 .debug_info    0x000018a1      0x507 ..\obj\main.o
 .debug_info    0x00001da8       0xb9 ..\obj\startup_stm32f0xx.o
 .debug_info    0x00001e61      0xa8d ..\obj\stm32f0xx_spi.o
 .debug_info    0x000028ee      0x2ef ..\obj\system_stm32f0xx_temp.o
 .debug_info    0x00002bdd      0x5cf ..\obj\stm32f0xx_gpio.o

.debug_abbrev   0x00000000      0xbc8
 .debug_abbrev  0x00000000      0x1ec ..\obj\stm32f0xx_rcc.o
 .debug_abbrev  0x000001ec      0x1f5 ..\obj\GFXC.o
 .debug_abbrev  0x000003e1      0x1bd ..\obj\ILI9163.o
 .debug_abbrev  0x0000059e      0x1a8 ..\obj\main.o
 .debug_abbrev  0x00000746       0x12 ..\obj\startup_stm32f0xx.o
 .debug_abbrev  0x00000758      0x1a1 ..\obj\stm32f0xx_spi.o
 .debug_abbrev  0x000008f9      0x134 ..\obj\system_stm32f0xx_temp.o
 .debug_abbrev  0x00000a2d      0x19b ..\obj\stm32f0xx_gpio.o

.debug_aranges  0x00000000      0x468
 .debug_aranges
                0x00000000      0x150 ..\obj\stm32f0xx_rcc.o
 .debug_aranges
                0x00000150       0x80 ..\obj\GFXC.o
 .debug_aranges
                0x000001d0       0x78 ..\obj\ILI9163.o
 .debug_aranges
                0x00000248       0x38 ..\obj\main.o
 .debug_aranges
                0x00000280       0x28 ..\obj\startup_stm32f0xx.o
 .debug_aranges
                0x000002a8      0x110 ..\obj\stm32f0xx_spi.o
 .debug_aranges
                0x000003b8       0x30 ..\obj\system_stm32f0xx_temp.o
 .debug_aranges
                0x000003e8       0x80 ..\obj\stm32f0xx_gpio.o

.debug_ranges   0x00000000      0x3f0
 .debug_ranges  0x00000000      0x140 ..\obj\stm32f0xx_rcc.o
 .debug_ranges  0x00000140       0x70 ..\obj\GFXC.o
 .debug_ranges  0x000001b0       0x68 ..\obj\ILI9163.o
 .debug_ranges  0x00000218       0x28 ..\obj\main.o
 .debug_ranges  0x00000240       0x20 ..\obj\startup_stm32f0xx.o
 .debug_ranges  0x00000260      0x100 ..\obj\stm32f0xx_spi.o
 .debug_ranges  0x00000360       0x20 ..\obj\system_stm32f0xx_temp.o
 .debug_ranges  0x00000380       0x70 ..\obj\stm32f0xx_gpio.o

.debug_line     0x00000000     0x1ac8
 .debug_line    0x00000000      0x51f ..\obj\stm32f0xx_rcc.o
 .debug_line    0x0000051f      0x62a ..\obj\GFXC.o
 .debug_line    0x00000b49      0x34c ..\obj\ILI9163.o
 .debug_line    0x00000e95      0x234 ..\obj\main.o
 .debug_line    0x000010c9       0xb2 ..\obj\startup_stm32f0xx.o
 .debug_line    0x0000117b      0x48f ..\obj\stm32f0xx_spi.o
 .debug_line    0x0000160a      0x1c7 ..\obj\system_stm32f0xx_temp.o
 .debug_line    0x000017d1      0x2f7 ..\obj\stm32f0xx_gpio.o

.debug_str      0x00000000     0x146f
 .debug_str     0x00000000      0x684 ..\obj\stm32f0xx_rcc.o
                                0x722 (size before relaxing)
 .debug_str     0x00000684      0x233 ..\obj\GFXC.o
                                0x3bb (size before relaxing)
 .debug_str     0x000008b7      0x323 ..\obj\ILI9163.o
                                0x4ce (size before relaxing)
 .debug_str     0x00000bda      0x2a1 ..\obj\main.o
                                0x4a4 (size before relaxing)
 .debug_str     0x00000e7b      0x3c1 ..\obj\stm32f0xx_spi.o
                                0x6fb (size before relaxing)
 .debug_str     0x0000123c       0xa1 ..\obj\system_stm32f0xx_temp.o
                                0x299 (size before relaxing)
 .debug_str     0x000012dd      0x192 ..\obj\stm32f0xx_gpio.o
                                0x489 (size before relaxing)

.comment        0x00000000       0x70
 .comment       0x00000000       0x70 ..\obj\stm32f0xx_rcc.o
                                 0x71 (size before relaxing)
 .comment       0x00000000       0x71 ..\obj\GFXC.o
 .comment       0x00000000       0x71 ..\obj\ILI9163.o
 .comment       0x00000000       0x71 ..\obj\main.o
 .comment       0x00000000       0x71 ..\obj\stm32f0xx_spi.o
 .comment       0x00000000       0x71 ..\obj\system_stm32f0xx_temp.o
 .comment       0x00000000       0x71 ..\obj\stm32f0xx_gpio.o

.ARM.attributes
                0x00000000       0x2f
 .ARM.attributes
                0x00000000       0x31 ..\obj\stm32f0xx_rcc.o
 .ARM.attributes
                0x00000031       0x31 ..\obj\GFXC.o
 .ARM.attributes
                0x00000062       0x31 ..\obj\ILI9163.o
 .ARM.attributes
                0x00000093       0x31 ..\obj\main.o
 .ARM.attributes
                0x000000c4       0x21 ..\obj\startup_stm32f0xx.o
 .ARM.attributes
                0x000000e5       0x31 ..\obj\stm32f0xx_spi.o
 .ARM.attributes
                0x00000116       0x31 ..\obj\system_stm32f0xx_temp.o
 .ARM.attributes
                0x00000147       0x31 ..\obj\stm32f0xx_gpio.o
 .ARM.attributes
                0x00000178       0x1e c:/program files (x86)/gnu tools arm embedded/4.9 2014q4/bin/../lib/gcc/arm-none-eabi/4.9.3/armv6-m\libgcc.a(_udivsi3.o)
 .ARM.attributes
                0x00000196       0x1e c:/program files (x86)/gnu tools arm embedded/4.9 2014q4/bin/../lib/gcc/arm-none-eabi/4.9.3/armv6-m\libgcc.a(_divsi3.o)
 .ARM.attributes
                0x000001b4       0x1e c:/program files (x86)/gnu tools arm embedded/4.9 2014q4/bin/../lib/gcc/arm-none-eabi/4.9.3/armv6-m\libgcc.a(_dvmd_tls.o)
 .ARM.attributes
                0x000001d2       0x1e c:/program files (x86)/gnu tools arm embedded/4.9 2014q4/bin/../lib/gcc/arm-none-eabi/4.9.3/armv6-m\libgcc.a(_arm_cmpsf2.o)
 .ARM.attributes
                0x000001f0       0x2c c:/program files (x86)/gnu tools arm embedded/4.9 2014q4/bin/../lib/gcc/arm-none-eabi/4.9.3/armv6-m\libgcc.a(eqsf2.o)
 .ARM.attributes
                0x0000021c       0x2c c:/program files (x86)/gnu tools arm embedded/4.9 2014q4/bin/../lib/gcc/arm-none-eabi/4.9.3/armv6-m\libgcc.a(gesf2.o)
 .ARM.attributes
                0x00000248       0x2c c:/program files (x86)/gnu tools arm embedded/4.9 2014q4/bin/../lib/gcc/arm-none-eabi/4.9.3/armv6-m\libgcc.a(lesf2.o)
 .ARM.attributes
                0x00000274       0x2c c:/program files (x86)/gnu tools arm embedded/4.9 2014q4/bin/../lib/gcc/arm-none-eabi/4.9.3/armv6-m\libgcc.a(mulsf3.o)
 .ARM.attributes
                0x000002a0       0x2c c:/program files (x86)/gnu tools arm embedded/4.9 2014q4/bin/../lib/gcc/arm-none-eabi/4.9.3/armv6-m\libgcc.a(subsf3.o)
 .ARM.attributes
                0x000002cc       0x2c c:/program files (x86)/gnu tools arm embedded/4.9 2014q4/bin/../lib/gcc/arm-none-eabi/4.9.3/armv6-m\libgcc.a(fixsfsi.o)
 .ARM.attributes
                0x000002f8       0x2c c:/program files (x86)/gnu tools arm embedded/4.9 2014q4/bin/../lib/gcc/arm-none-eabi/4.9.3/armv6-m\libgcc.a(floatsisf.o)
 .ARM.attributes
                0x00000324       0x1e c:/program files (x86)/gnu tools arm embedded/4.9 2014q4/bin/../lib/gcc/arm-none-eabi/4.9.3/armv6-m\libgcc.a(_clzsi2.o)
 .ARM.attributes
                0x00000342       0x2c c:/program files (x86)/gnu tools arm embedded/4.9 2014q4/bin/../lib/gcc/arm-none-eabi/4.9.3/../../../../arm-none-eabi/lib/armv6-m\libg.a(lib_a-strlen.o)

.debug_frame    0x00000000     0x1068
 .debug_frame   0x00000000      0x4e4 ..\obj\stm32f0xx_rcc.o
 .debug_frame   0x000004e4      0x1b4 ..\obj\GFXC.o
 .debug_frame   0x00000698      0x18c ..\obj\ILI9163.o
 .debug_frame   0x00000824       0x8c ..\obj\main.o
 .debug_frame   0x000008b0      0x3f0 ..\obj\stm32f0xx_spi.o
 .debug_frame   0x00000ca0       0x6c ..\obj\system_stm32f0xx_temp.o
 .debug_frame   0x00000d0c      0x1b0 ..\obj\stm32f0xx_gpio.o
 .debug_frame   0x00000ebc       0x20 c:/program files (x86)/gnu tools arm embedded/4.9 2014q4/bin/../lib/gcc/arm-none-eabi/4.9.3/armv6-m\libgcc.a(_udivsi3.o)
 .debug_frame   0x00000edc       0x20 c:/program files (x86)/gnu tools arm embedded/4.9 2014q4/bin/../lib/gcc/arm-none-eabi/4.9.3/armv6-m\libgcc.a(_divsi3.o)
 .debug_frame   0x00000efc       0x2c c:/program files (x86)/gnu tools arm embedded/4.9 2014q4/bin/../lib/gcc/arm-none-eabi/4.9.3/armv6-m\libgcc.a(eqsf2.o)
 .debug_frame   0x00000f28       0x30 c:/program files (x86)/gnu tools arm embedded/4.9 2014q4/bin/../lib/gcc/arm-none-eabi/4.9.3/armv6-m\libgcc.a(gesf2.o)
 .debug_frame   0x00000f58       0x30 c:/program files (x86)/gnu tools arm embedded/4.9 2014q4/bin/../lib/gcc/arm-none-eabi/4.9.3/armv6-m\libgcc.a(lesf2.o)
 .debug_frame   0x00000f88       0x3c c:/program files (x86)/gnu tools arm embedded/4.9 2014q4/bin/../lib/gcc/arm-none-eabi/4.9.3/armv6-m\libgcc.a(mulsf3.o)
 .debug_frame   0x00000fc4       0x30 c:/program files (x86)/gnu tools arm embedded/4.9 2014q4/bin/../lib/gcc/arm-none-eabi/4.9.3/armv6-m\libgcc.a(subsf3.o)
 .debug_frame   0x00000ff4       0x20 c:/program files (x86)/gnu tools arm embedded/4.9 2014q4/bin/../lib/gcc/arm-none-eabi/4.9.3/armv6-m\libgcc.a(fixsfsi.o)
 .debug_frame   0x00001014       0x2c c:/program files (x86)/gnu tools arm embedded/4.9 2014q4/bin/../lib/gcc/arm-none-eabi/4.9.3/armv6-m\libgcc.a(floatsisf.o)
 .debug_frame   0x00001040       0x28 c:/program files (x86)/gnu tools arm embedded/4.9 2014q4/bin/../lib/gcc/arm-none-eabi/4.9.3/../../../../arm-none-eabi/lib/armv6-m\libg.a(lib_a-strlen.o)
